[18:21:09] [main/INFO] (FabricLoader/GameProvider) Loading Minecraft 1.21.1 with Fabric Loader 0.16.14
[18:21:09] [main/INFO] (FabricLoader) Loading 62 mods:
	- cloth-basic-math 0.6.1
	- cloth-config 15.0.140
	- fabric-api 0.116.5+1.21.1
	- fabric-api-base 0.4.42+6573ed8c19
	- fabric-api-lookup-api-v1 1.6.71+b559734419
	- fabric-biome-api-v1 13.0.31+d527f9fd19
	- fabric-block-api-v1 1.1.0+0bc3503219
	- fabric-block-view-api-v2 1.0.11+ebb2264e19
	- fabric-blockrenderlayer-v1 1.1.52+0af3f5a719
	- fabric-client-tags-api-v1 1.1.15+6573ed8c19
	- fabric-command-api-v1 1.2.49+f71b366f19
	- fabric-command-api-v2 2.2.28+6ced4dd919
	- fabric-commands-v0 0.2.66+df3654b319
	- fabric-content-registries-v0 8.0.19+b559734419
	- fabric-convention-tags-v1 2.1.5+7f945d5b19
	- fabric-convention-tags-v2 2.11.1+a406e79519
	- fabric-crash-report-info-v1 0.2.29+0af3f5a719
	- fabric-data-attachment-api-v1 1.4.5+6116a37819
	- fabric-data-generation-api-v1 20.2.33+37516cd619
	- fabric-dimensions-v1 4.0.0+6fc22b9919
	- fabric-entity-events-v1 1.8.0+2b27e0a419
	- fabric-events-interaction-v0 0.7.13+ba9dae0619
	- fabric-game-rule-api-v1 1.0.53+6ced4dd919
	- fabric-gametest-api-v1 2.0.5+6fc22b9919
	- fabric-item-api-v1 11.2.0+3b3cb2e819
	- fabric-item-group-api-v1 4.1.7+def88e3a19
	- fabric-key-binding-api-v1 1.0.47+0af3f5a719
	- fabric-keybindings-v0 0.2.45+df3654b319
	- fabric-lifecycle-events-v1 2.6.0+0865547519
	- fabric-loot-api-v2 3.0.15+3f89f5a519
	- fabric-loot-api-v3 1.0.3+3f89f5a519
	- fabric-message-api-v1 6.0.14+8aaf3aca19
	- fabric-model-loading-api-v1 2.1.0+b4d813fc19
	- fabric-networking-api-v1 4.3.0+c7469b2119
	- fabric-object-builder-api-v1 15.2.1+40875a9319
	- fabric-particles-v1 4.0.2+6573ed8c19
	- fabric-recipe-api-v1 5.0.14+248df81c19
	- fabric-registry-sync-v0 5.3.1+e3eddc2119
	- fabric-renderer-api-v1 3.4.1+b4d813fc19
	- fabric-renderer-indigo 1.7.1+c705a49c19
	- fabric-renderer-registries-v1 3.2.69+df3654b319
	- fabric-rendering-data-attachment-v1 0.3.49+73761d2e19
	- fabric-rendering-fluids-v1 3.1.6+1daea21519
	- fabric-rendering-v0 1.1.72+df3654b319
	- fabric-rendering-v1 5.1.0+ab4c25a019
	- fabric-resource-conditions-api-v1 4.3.0+8dc279b119
	- fabric-resource-loader-v0 1.3.1+5b5275af19
	- fabric-screen-api-v1 2.0.25+8b68f1c719
	- fabric-screen-handler-api-v1 1.3.90+b559734419
	- fabric-sound-api-v1 1.0.23+6573ed8c19
	- fabric-transfer-api-v1 5.4.3+c24bd99419
	- fabric-transitive-access-wideners-v1 6.2.0+45b9699719
	- fabricloader 0.16.14
	- java 21
	- minecraft 1.21.1
	- mixinextras 0.4.1
	- moblib 1.4-build.2
	- mobpvp 3.2.3-pre6
	- modmenu 11.0.3
	   \-- placeholder-api 2.4.0-pre.2+1.21
	- owo 0.12.15.4+1.21
	- panorama_screenshot 1.0.0-1.21.1
[18:21:16] [main/INFO] (FabricLoader/Mixin) SpongePowered MIXIN Subsystem Version=0.8.7 Source=file:/C:/Users/akgls/.gradle/caches/modules-2/files-2.1/net.fabricmc/sponge-mixin/0.15.5+mixin.0.8.7/22f9eb729e216a091673a574a5906dc1b9027fb3/sponge-mixin-0.15.5+mixin.0.8.7.jar Service=Knot/Fabric Env=CLIENT
[18:21:16] [main/INFO] (FabricLoader/Mixin) Loaded Fabric development mappings for mixin remapper!
[18:21:16] [main/INFO] (FabricLoader/Mixin) Compatibility level set to JAVA_17
[18:21:16] [main/INFO] (FabricLoader/Mixin) Compatibility level set to JAVA_21
[18:21:17] [main/WARN] (FabricLoader/Mixin) Error loading class: xyz/nucleoid/server/translations/impl/language/SystemDelegatedLanguage (java.lang.ClassNotFoundException: xyz/nucleoid/server/translations/impl/language/SystemDelegatedLanguage)
[18:21:18] [main/WARN] (FabricLoader/Mixin) Error loading class: org/jetbrains/annotations/ApiStatus$Internal (java.lang.ClassNotFoundException: org/jetbrains/annotations/ApiStatus$Internal)
[18:21:18] [main/INFO] (FabricLoader/MixinExtras|Service) Initializing MixinExtras via com.llamalad7.mixinextras.service.MixinExtrasServiceImpl(version=0.4.1).
[18:21:22] [Datafixer Bootstrap/INFO] (Minecraft) 226 Datafixer optimizations took 1232 milliseconds
[18:21:29] [Render thread/WARN] (FabricLoader/Mixin) Error loading class: org/quiltmc/loader/impl/game/minecraft/Hooks (java.lang.ClassNotFoundException: org/quiltmc/loader/impl/game/minecraft/Hooks)
[18:21:29] [Render thread/INFO] (Minecraft) Environment: Environment[sessionHost=https://sessionserver.mojang.com, servicesHost=https://api.minecraftservices.com, name=PROD]
[18:21:29] [Render thread/INFO] (Minecraft) Setting user: Player416
[18:21:29] [Render thread/INFO] (owo) that's a CanPickUpLoot baby zombie, the most annoying thing ever. he runs around like crazy and picks up all your shit
[18:21:30] [Render thread/INFO] (Minecraft) [STDOUT]: Registered Enchantments
[18:21:30] [Render thread/INFO] (Minecraft) [STDOUT]: Registered custom villager professions for mobpvp
[18:21:30] [Render thread/ERROR] (Minecraft) No data fixer registered for reinforced_copper_ball
[18:21:30] [Render thread/WARN] (FabricLoader) getRootPath access for fabric-data-attachment-api-v1 1.4.5+6116a37819 with multiple paths, returning only one which may incur unexpected behavior!
[18:21:30] [Render thread/WARN] (FabricLoader) getRootPath access for fabric-registry-sync-v0 5.3.1+e3eddc2119 with multiple paths, returning only one which may incur unexpected behavior!
[18:21:30] [Render thread/WARN] (FabricLoader) getRootPath access for fabric-item-api-v1 11.2.0+3b3cb2e819 with multiple paths, returning only one which may incur unexpected behavior!
[18:21:30] [Render thread/WARN] (FabricLoader) getRootPath access for fabric-game-rule-api-v1 1.0.53+6ced4dd919 with multiple paths, returning only one which may incur unexpected behavior!
[18:21:30] [Render thread/WARN] (FabricLoader) getRootPath access for fabric-transfer-api-v1 5.4.3+c24bd99419 with multiple paths, returning only one which may incur unexpected behavior!
[18:21:30] [Render thread/WARN] (FabricLoader) getRootPath access for fabric-message-api-v1 6.0.14+8aaf3aca19 with multiple paths, returning only one which may incur unexpected behavior!
[18:21:30] [Render thread/WARN] (FabricLoader) getRootPath access for fabric-entity-events-v1 1.8.0+2b27e0a419 with multiple paths, returning only one which may incur unexpected behavior!
[18:21:30] [Render thread/WARN] (FabricLoader) getRootPath access for fabric-data-generation-api-v1 20.2.33+37516cd619 with multiple paths, returning only one which may incur unexpected behavior!
[18:21:30] [Render thread/WARN] (FabricLoader) getRootPath access for fabric-networking-api-v1 4.3.0+c7469b2119 with multiple paths, returning only one which may incur unexpected behavior!
[18:21:30] [Render thread/WARN] (FabricLoader) getRootPath access for fabric-rendering-data-attachment-v1 0.3.49+73761d2e19 with multiple paths, returning only one which may incur unexpected behavior!
[18:21:30] [Render thread/WARN] (FabricLoader) getRootPath access for fabric-lifecycle-events-v1 2.6.0+0865547519 with multiple paths, returning only one which may incur unexpected behavior!
[18:21:30] [Render thread/WARN] (FabricLoader) getRootPath access for fabric-events-interaction-v0 0.7.13+ba9dae0619 with multiple paths, returning only one which may incur unexpected behavior!
[18:21:30] [Render thread/WARN] (FabricLoader) getRootPath access for fabric-command-api-v2 2.2.28+6ced4dd919 with multiple paths, returning only one which may incur unexpected behavior!
[18:21:30] [Render thread/WARN] (FabricLoader) getRootPath access for minecraft 1.21.1 with multiple paths, returning only one which may incur unexpected behavior!
[18:21:30] [Render thread/WARN] (FabricLoader) getRootPath access for fabric-block-view-api-v2 1.0.11+ebb2264e19 with multiple paths, returning only one which may incur unexpected behavior!
[18:21:30] [Render thread/WARN] (FabricLoader) getRootPath access for mobpvp 3.2.3-pre6 with multiple paths, returning only one which may incur unexpected behavior!
[18:21:30] [Render thread/WARN] (FabricLoader) getRootPath access for fabric-item-group-api-v1 4.1.7+def88e3a19 with multiple paths, returning only one which may incur unexpected behavior!
[18:21:30] [Render thread/WARN] (FabricLoader) getRootPath access for fabric-screen-handler-api-v1 1.3.90+b559734419 with multiple paths, returning only one which may incur unexpected behavior!
[18:21:30] [Render thread/WARN] (FabricLoader) getRootPath access for fabric-resource-loader-v0 1.3.1+5b5275af19 with multiple paths, returning only one which may incur unexpected behavior!
[18:21:30] [Render thread/WARN] (FabricLoader) getRootPath access for fabric-particles-v1 4.0.2+6573ed8c19 with multiple paths, returning only one which may incur unexpected behavior!
[18:21:30] [Render thread/WARN] (FabricLoader) getRootPath access for moblib 1.4-build.2 with multiple paths, returning only one which may incur unexpected behavior!
[18:21:30] [Render thread/WARN] (FabricLoader) getRootPath access for fabric-recipe-api-v1 5.0.14+248df81c19 with multiple paths, returning only one which may incur unexpected behavior!
[18:21:30] [Render thread/WARN] (FabricLoader) getRootPath access for fabric-rendering-fluids-v1 3.1.6+1daea21519 with multiple paths, returning only one which may incur unexpected behavior!
[18:21:30] [Render thread/WARN] (FabricLoader) getRootPath access for fabric-object-builder-api-v1 15.2.1+40875a9319 with multiple paths, returning only one which may incur unexpected behavior!
[18:21:31] [Render thread/INFO] (Mod Menu/Update Checker) Checking mod updates...
[18:21:31] [Render thread/INFO] (Indigo) [Indigo] Registering Indigo renderer!
[18:21:31] [Render thread/INFO] (owo) Services frozen by 'net.minecraft.client.MinecraftClient'
[18:21:31] [Render thread/INFO] (Minecraft) Backend library: LWJGL version 3.3.3-snapshot
[18:21:31] [ModMenu/Update Checker/Fabric Loader/INFO] (Mod Menu/Update Checker) Update available for 'fabricloader@0.16.14'
[18:21:33] [Render thread/INFO] (Minecraft) Reloading ResourceManager: vanilla, fabric, cloth-config, fabric-api, fabric-api-base, fabric-api-lookup-api-v1, fabric-biome-api-v1, fabric-block-api-v1, fabric-block-view-api-v2, fabric-blockrenderlayer-v1, fabric-client-tags-api-v1, fabric-command-api-v1, fabric-command-api-v2, fabric-commands-v0, fabric-content-registries-v0, fabric-convention-tags-v1, fabric-convention-tags-v2, fabric-crash-report-info-v1, fabric-data-attachment-api-v1, fabric-data-generation-api-v1, fabric-dimensions-v1, fabric-entity-events-v1, fabric-events-interaction-v0, fabric-game-rule-api-v1, fabric-gametest-api-v1, fabric-item-api-v1, fabric-item-group-api-v1, fabric-key-binding-api-v1, fabric-keybindings-v0, fabric-lifecycle-events-v1, fabric-loot-api-v2, fabric-loot-api-v3, fabric-message-api-v1, fabric-model-loading-api-v1, fabric-networking-api-v1, fabric-object-builder-api-v1, fabric-particles-v1, fabric-recipe-api-v1, fabric-registry-sync-v0, fabric-renderer-api-v1, fabric-renderer-indigo, fabric-renderer-registries-v1, fabric-rendering-data-attachment-v1, fabric-rendering-fluids-v1, fabric-rendering-v0, fabric-rendering-v1, fabric-resource-conditions-api-v1, fabric-resource-loader-v0, fabric-screen-api-v1, fabric-screen-handler-api-v1, fabric-sound-api-v1, fabric-transfer-api-v1, fabric-transitive-access-wideners-v1, fabricloader, mobpvp, modmenu, owo, panorama_screenshot
[18:21:33] [Worker-Main-3/INFO] (Minecraft) Found unifont_all_no_pua-15.1.05.hex, loading
[18:21:34] [Worker-Main-3/INFO] (Minecraft) Found unifont_jp_patch-15.1.05.hex, loading
[18:21:36] [Render thread/WARN] (Minecraft) Missing sound for event: minecraft:item.goat_horn.play
[18:21:36] [Render thread/WARN] (Minecraft) Missing sound for event: minecraft:entity.goat.screaming.horn_break
[18:21:36] [Render thread/WARN] (Minecraft) Missing sound for event: mobpvp:startup
[18:21:36] [Render thread/INFO] (Minecraft) OpenAL initialized on device OpenAL Soft on SES (VB-Audio Virtual Cable)
[18:21:36] [Render thread/INFO] (Minecraft) Sound engine started
[18:21:36] [Render thread/INFO] (Minecraft) Created: 1024x512x4 minecraft:textures/atlas/blocks.png-atlas
[18:21:36] [Render thread/INFO] (Minecraft) Created: 256x256x4 minecraft:textures/atlas/signs.png-atlas
[18:21:36] [Render thread/INFO] (Minecraft) Created: 512x512x4 minecraft:textures/atlas/shield_patterns.png-atlas
[18:21:36] [Render thread/INFO] (Minecraft) Created: 512x512x4 minecraft:textures/atlas/banner_patterns.png-atlas
[18:21:36] [Render thread/INFO] (Minecraft) Created: 1024x1024x4 minecraft:textures/atlas/armor_trims.png-atlas
[18:21:36] [Render thread/INFO] (Minecraft) Created: 128x64x4 minecraft:textures/atlas/decorated_pot.png-atlas
[18:21:36] [Render thread/INFO] (Minecraft) Created: 256x256x4 minecraft:textures/atlas/chest.png-atlas
[18:21:36] [Render thread/INFO] (Minecraft) Created: 512x256x4 minecraft:textures/atlas/beds.png-atlas
[18:21:36] [Render thread/INFO] (Minecraft) Created: 512x256x4 minecraft:textures/atlas/shulker_boxes.png-atlas
[18:21:36] [Render thread/INFO] (Minecraft) Created: 512x256x0 minecraft:textures/atlas/particles.png-atlas
[18:21:36] [Render thread/INFO] (Minecraft) Created: 512x256x0 minecraft:textures/atlas/paintings.png-atlas
[18:21:36] [Render thread/INFO] (Minecraft) Created: 256x128x0 minecraft:textures/atlas/mob_effects.png-atlas
[18:21:36] [Render thread/INFO] (Minecraft) Created: 64x64x0 minecraft:textures/atlas/map_decorations.png-atlas
[18:21:36] [Render thread/INFO] (Minecraft) Created: 1024x512x0 minecraft:textures/atlas/gui.png-atlas
[18:21:36] [Render thread/WARN] (Minecraft) Shader rendertype_entity_translucent_emissive could not find sampler named Sampler2 in the specified shader program.
[18:21:42] [Render thread/INFO] (Minecraft) Loaded 1308 recipes
[18:21:43] [Render thread/INFO] (Minecraft) Loaded 1414 advancements
[18:21:43] [Render thread/INFO] (BiomeModificationImpl) Applied 1 biome modifications to 1 of 64 new biomes in 7.450 ms
[18:21:43] [Server thread/INFO] (Minecraft) Starting integrated minecraft server version 1.21.1
[18:21:43] [Server thread/INFO] (Minecraft) Generating keypair
[18:21:44] [Server thread/INFO] (Minecraft) Preparing start region for dimension minecraft:overworld
[18:21:44] [Render thread/INFO] (Minecraft) Başlangıç alanı hazırlanıyor: %0
[18:21:44] [Render thread/INFO] (Minecraft) Başlangıç alanı hazırlanıyor: %0
[18:21:45] [Render thread/INFO] (Minecraft) Time elapsed: 793 ms
[18:21:45] [Server thread/INFO] (Minecraft) Changing view distance to 32, from 10
[18:21:45] [Server thread/INFO] (Minecraft) Changing simulation distance to 32, from 0
[18:21:46] [Server thread/INFO] (Minecraft) Player416[local:E:76eddefa] logged in with entity id 51 at (853.8370620076392, -60.0, 922.1968937558605)
[18:21:46] [Server thread/INFO] (Minecraft) Player416 oyuna katıldı
[18:21:46] [Server thread/INFO] (Minecraft) Player416, [Ciddi Düşkünlük] meydan okumasını tamamladı
[18:21:46] [Server thread/INFO] (Minecraft) Player416, [[MobPVP]] meydan okumasını tamamladı
[18:21:59] [Render thread/INFO] (Minecraft) [System] [CHAT] Player416, [Ciddi Düşkünlük] meydan okumasını tamamladı
[18:21:59] [Render thread/INFO] (Minecraft) [System] [CHAT] Player416, [[MobPVP]] meydan okumasını tamamladı
[18:21:59] [Render thread/INFO] (Minecraft) Loaded 40 advancements
[18:22:33] [Server thread/INFO] (Minecraft) [Player416: Oyun modunuz Hayatta Kalma Modu olarak ayarlandı]
[18:22:33] [Render thread/INFO] (Minecraft) [System] [CHAT] Oyun modunuz Hayatta Kalma Modu olarak ayarlandı
[18:22:34] [Server thread/INFO] (Minecraft) Player416, Goblin tarafından katledildi
[18:22:34] [Server thread/INFO] (Minecraft) Player416, [[Last Breath]] hedefine ulaştı
[18:22:34] [Render thread/INFO] (Minecraft) [System] [CHAT] Player416, Goblin tarafından katledildi
[18:22:34] [Render thread/INFO] (Minecraft) [System] [CHAT] Player416, [[Last Breath]] hedefine ulaştı
[18:22:34] [Render thread/INFO] (Minecraft) Loaded 76 advancements
[18:22:37] [Server thread/INFO] (Minecraft) [Player416: Oyun modunuz Yaratıcı Mod olarak ayarlandı]
[18:22:37] [Render thread/INFO] (Minecraft) [System] [CHAT] Oyun modunuz Yaratıcı Mod olarak ayarlandı
[18:22:51] [Server thread/INFO] (Minecraft) [Player416: Zaman 13000 olarak ayarlandı]
[18:22:51] [Render thread/INFO] (Minecraft) [System] [CHAT] Zaman 13000 olarak ayarlandı
[18:23:12] [Server thread/INFO] (Minecraft) Villager VillagerEntity['BEN ÇOK BÜYÜK BİR MALIM'/47, l='ServerLevel[Ana dünya]', x=805.57, y=-60.00, z=992.39] died, message: 'BEN ÇOK BÜYÜK BİR MALIM, Goblin tarafından katledildi'
[18:23:12] [Server thread/INFO] (Minecraft) Named entity VillagerEntity['BEN ÇOK BÜYÜK BİR MALIM'/47, l='ServerLevel[Ana dünya]', x=805.57, y=-60.00, z=992.39] died: BEN ÇOK BÜYÜK BİR MALIM, Goblin tarafından katledildi
[18:23:27] [Server thread/INFO] (Minecraft) [Player416: Oyun modunuz Hayatta Kalma Modu olarak ayarlandı]
[18:23:27] [Render thread/INFO] (Minecraft) [System] [CHAT] Oyun modunuz Hayatta Kalma Modu olarak ayarlandı
[18:23:28] [Server thread/INFO] (Minecraft) Player416, [The first attack] gelişimini yaptı
[18:23:28] [Render thread/INFO] (Minecraft) [System] [CHAT] Player416, [The first attack] gelişimini yaptı
[18:23:28] [Render thread/INFO] (Minecraft) Loaded 76 advancements
[18:23:29] [Server thread/INFO] (Minecraft) [Player416: Oyun modunuz Yaratıcı Mod olarak ayarlandı]
[18:23:29] [Render thread/INFO] (Minecraft) [System] [CHAT] Oyun modunuz Yaratıcı Mod olarak ayarlandı
[18:23:37] [Server thread/INFO] (Minecraft) Saving and pausing game...
[18:23:37] [Server thread/INFO] (Minecraft) Saving chunks for level 'ServerLevel[Ana dünya]'/minecraft:overworld
[18:23:38] [Server thread/INFO] (Minecraft) Saving chunks for level 'ServerLevel[Ana dünya]'/minecraft:the_nether
[18:23:38] [Server thread/INFO] (Minecraft) Saving chunks for level 'ServerLevel[Ana dünya]'/minecraft:the_end
[18:25:41] [Server thread/INFO] (Minecraft) [Player416: Oyun kuralı doMobSpawning, artık: true]
[18:25:41] [Render thread/INFO] (Minecraft) [System] [CHAT] Oyun kuralı doMobSpawning, artık: true
[18:25:52] [Server thread/INFO] (Minecraft) [Player416: Zaman 13000 olarak ayarlandı]
[18:25:52] [Render thread/INFO] (Minecraft) [System] [CHAT] Zaman 13000 olarak ayarlandı
[18:25:54] [Server thread/INFO] (Minecraft) Saving and pausing game...
[18:25:54] [Server thread/INFO] (Minecraft) Saving chunks for level 'ServerLevel[Ana dünya]'/minecraft:overworld
[18:25:54] [Server thread/INFO] (Minecraft) Saving chunks for level 'ServerLevel[Ana dünya]'/minecraft:the_nether
[18:25:54] [Server thread/INFO] (Minecraft) Saving chunks for level 'ServerLevel[Ana dünya]'/minecraft:the_end
[18:26:07] [Server thread/INFO] (Minecraft) [Player416: Zorluk derecesi Kolay olarak ayarlandı]
[18:26:07] [Render thread/INFO] (Minecraft) [System] [CHAT] Zorluk derecesi Kolay olarak ayarlandı
[18:26:11] [Server thread/INFO] (Minecraft) [Player416: Zorluk derecesi Zor olarak ayarlandı]
[18:26:11] [Render thread/INFO] (Minecraft) [System] [CHAT] Zorluk derecesi Zor olarak ayarlandı
[18:26:45] [Server thread/INFO] (Minecraft) Saving and pausing game...
[18:26:45] [Server thread/INFO] (Minecraft) Saving chunks for level 'ServerLevel[Ana dünya]'/minecraft:overworld
[18:26:45] [Server thread/INFO] (Minecraft) Saving chunks for level 'ServerLevel[Ana dünya]'/minecraft:the_nether
[18:26:45] [Server thread/INFO] (Minecraft) Saving chunks for level 'ServerLevel[Ana dünya]'/minecraft:the_end
[18:26:45] [Server thread/INFO] (Minecraft) Player416 lost connection: Bağlantı kesildi
[18:26:45] [Server thread/INFO] (Minecraft) Player416 oyundan ayrıldı
[18:26:45] [Server thread/INFO] (Minecraft) Stopping singleplayer server as player logged out
[18:26:45] [Server thread/INFO] (Minecraft) Stopping server
[18:26:45] [Server thread/INFO] (Minecraft) Saving players
[18:26:45] [Server thread/INFO] (Minecraft) Saving worlds
[18:26:46] [Server thread/INFO] (Minecraft) Saving chunks for level 'ServerLevel[Ana dünya]'/minecraft:overworld
[18:26:47] [Server thread/INFO] (Minecraft) Saving chunks for level 'ServerLevel[Ana dünya]'/minecraft:the_nether
[18:26:47] [Server thread/INFO] (Minecraft) Saving chunks for level 'ServerLevel[Ana dünya]'/minecraft:the_end
[18:26:47] [Server thread/INFO] (Minecraft) ThreadedAnvilChunkStorage (Yeni Dünya): All chunks are saved
[18:26:47] [Server thread/INFO] (Minecraft) ThreadedAnvilChunkStorage (DIM-1): All chunks are saved
[18:26:47] [Server thread/INFO] (Minecraft) ThreadedAnvilChunkStorage (DIM1): All chunks are saved
[18:26:47] [Server thread/INFO] (Minecraft) ThreadedAnvilChunkStorage: All dimensions are saved
[18:26:52] [Render thread/INFO] (Minecraft) Loaded 1308 recipes
[18:26:52] [Render thread/INFO] (Minecraft) Loaded 1414 advancements
[18:27:00] [Render thread/INFO] (BiomeModificationImpl) Applied 1 biome modifications to 1 of 64 new biomes in 618.7 μs
[18:27:00] [Server thread/INFO] (Minecraft) Starting integrated minecraft server version 1.21.1
[18:27:00] [Server thread/INFO] (Minecraft) Generating keypair
[18:27:00] [Server thread/INFO] (Minecraft) Preparing start region for dimension minecraft:overworld
[18:27:00] [Render thread/INFO] (Minecraft) Başlangıç alanı hazırlanıyor: %2
[18:27:00] [Server thread/INFO] (Minecraft) Changing view distance to 32, from 10
[18:27:00] [Server thread/INFO] (Minecraft) Changing simulation distance to 32, from 0
[18:27:00] [Render thread/INFO] (Minecraft) Time elapsed: 72 ms
[18:27:00] [Server thread/INFO] (Minecraft) Player416[local:E:f1556d48] logged in with entity id 1072 at (-3.5, -60.0, 9.5)
[18:27:00] [Server thread/INFO] (Minecraft) Player416 oyuna katıldı
[18:27:00] [Server thread/INFO] (Minecraft) Player416, [[MobPVP]] meydan okumasını tamamladı
[18:27:01] [Render thread/INFO] (Minecraft) [System] [CHAT] Player416, [[MobPVP]] meydan okumasını tamamladı
[18:27:01] [Render thread/INFO] (Minecraft) Loaded 16 advancements
[18:27:06] [Server thread/INFO] (Minecraft) [Player416: Zaman 13000 olarak ayarlandı]
[18:27:06] [Render thread/INFO] (Minecraft) [System] [CHAT] Zaman 13000 olarak ayarlandı
[18:27:24] [Server thread/WARN] (Minecraft) Can't keep up! Is the server overloaded? Running 2212ms or 44 ticks behind
[18:27:25] [Server thread/INFO] (Minecraft) [Player416: Zorluk derecesi Zor olarak ayarlandı]
[18:27:25] [Render thread/INFO] (Minecraft) [System] [CHAT] Zorluk derecesi Zor olarak ayarlandı
[18:27:28] [Server thread/INFO] (Minecraft) [Player416: Oyun modunuz Hayatta Kalma Modu olarak ayarlandı]
[18:27:28] [Render thread/INFO] (Minecraft) [System] [CHAT] Oyun modunuz Hayatta Kalma Modu olarak ayarlandı
[18:27:29] [Server thread/INFO] (Minecraft) [Player416: Oyun modunuz Yaratıcı Mod olarak ayarlandı]
[18:27:29] [Render thread/INFO] (Minecraft) [System] [CHAT] Oyun modunuz Yaratıcı Mod olarak ayarlandı
[18:27:49] [Server thread/INFO] (Minecraft) [Player416: Zaman 1600 olarak ayarlandı]
[18:27:49] [Render thread/INFO] (Minecraft) [System] [CHAT] Zaman 1600 olarak ayarlandı
[18:27:53] [Server thread/INFO] (Minecraft) [Player416: Zaman 16000 olarak ayarlandı]
[18:27:53] [Render thread/INFO] (Minecraft) [System] [CHAT] Zaman 16000 olarak ayarlandı
[18:28:10] [Server thread/INFO] (Minecraft) Saving and pausing game...
[18:28:10] [Server thread/INFO] (Minecraft) Saving chunks for level 'ServerLevel[beni sil]'/minecraft:overworld
[18:28:10] [Server thread/INFO] (Minecraft) Saving chunks for level 'ServerLevel[beni sil]'/minecraft:the_nether
[18:28:10] [Server thread/INFO] (Minecraft) Saving chunks for level 'ServerLevel[beni sil]'/minecraft:the_end
[18:38:43] [Render thread/INFO] (Minecraft) Stopping!
[18:38:43] [Server thread/INFO] (Minecraft) Player416 lost connection: Bağlantı kesildi
[18:38:43] [Server thread/INFO] (Minecraft) Player416 oyundan ayrıldı
[18:38:43] [Server thread/INFO] (Minecraft) Stopping singleplayer server as player logged out
[18:38:43] [Server thread/INFO] (Minecraft) Stopping server
[18:38:43] [Server thread/INFO] (Minecraft) Saving players
[18:38:43] [Server thread/INFO] (Minecraft) Saving worlds
[18:38:43] [Server thread/INFO] (Minecraft) Saving chunks for level 'ServerLevel[beni sil]'/minecraft:overworld
[18:38:45] [Server thread/INFO] (Minecraft) Saving chunks for level 'ServerLevel[beni sil]'/minecraft:the_nether
[18:38:45] [Server thread/INFO] (Minecraft) Saving chunks for level 'ServerLevel[beni sil]'/minecraft:the_end
[18:38:45] [Server thread/INFO] (Minecraft) ThreadedAnvilChunkStorage (beni sil): All chunks are saved
[18:38:45] [Server thread/INFO] (Minecraft) ThreadedAnvilChunkStorage (DIM-1): All chunks are saved
[18:38:45] [Server thread/INFO] (Minecraft) ThreadedAnvilChunkStorage (DIM1): All chunks are saved
[18:38:45] [Server thread/INFO] (Minecraft) ThreadedAnvilChunkStorage: All dimensions are saved
[18:38:46] [Thread-3/INFO] (Minecraft) [STDOUT]: [MobPVP] Mod kapanıyor...
